[33mΓ¥»[39m Building...
[32mΓ£ö[39m Building...
Application bundle generation failed. [3.314 seconds] - 2026-05-17T06:25:55.922Z

node.exe : [1m[31m[31mX [41;31m[[41;97mERROR[41;31m][0m [1mNG2012: 
Component imports must be standalone components, directives, pipes, or must be 
NgModules.[0m [1m[35m[plugin angular-compiler][0m
At C:\Users\meetm\AppData\Roaming\npm\ng.ps1:24 char:5
+     & "node$exe"  "$basedir/node_modules/@angular/cli/bin/ng.js" $arg ...
+     ~~~~~~~~~~~~~~~~~~~~~~~~~~~~~~~~~~~~~~~~~~~~~~~~~~~~~~~~~~~~~~~~~
    + CategoryInfo          : NotSpecified: ([1m[31m[31mX...r-compiler][0m 
   :String) [], RemoteException
    + FullyQualifiedErrorId : NativeCommandError
 

    src/app/app.ts:11:40:
[37m      11 Γöé   imports: [CommonModule, RouterOutlet, [32mNavbar[37m, 
Footer],
         Γò╡                                         [32m~~~~~~[0m


[31mX [41;31m[[41;97mERROR[41;31m][0m [1mTS2322: Type 'string' is not 
assignable to type 'string[]'.[0m [1m[35m[plugin angular-compiler][0m

    src/app/components/shared/navbar/navbar.ts:12:2:
[37m      12 Γöé   [32mstyleUrls[37m: './navbar.scss',
         Γò╡   [32m~~~~~~~~~[0m

  The expected type comes from property 'styleUrls' which is declared here on 
type 'Component'

    node_modules/@angular/core/types/_discovery-chunk.d.ts:5347:4:
[37m      5347 Γöé     [32mstyleUrls[37m?: string[];
           Γò╡     [32m~~~~~~~~~[0m


[31mX [41;31m[[41;97mERROR[41;31m][0m [1mNG1010: styleUrls must be an 
array of strings
  Value is of type 'string'.[0m [1m[35m[plugin angular-compiler][0m

    src/app/components/shared/navbar/navbar.ts:12:13:
[37m      12 Γöé   styleUrls: [32m'./navbar.scss'[37m,
         Γò╡              [32m~~~~~~~~~~~~~~~[0m


[31mX [41;31m[[41;97mERROR[41;31m][0m [1mTS2322: Type 'string' is not 
assignable to type 'string[]'.[0m [1m[35m[plugin angular-compiler][0m

    src/app/pages/confirmation/confirmation.ts:7:2:
[37m      7 Γöé   [32mstyleUrls[37m: './confirmation.scss',
        Γò╡   [32m~~~~~~~~~[0m

  The expected type comes from property 'styleUrls' which is declared here on 
type 'Component'

    node_modules/@angular/core/types/_discovery-chunk.d.ts:5347:4:
[37m      5347 Γöé     [32mstyleUrls[37m?: string[];
           Γò╡     [32m~~~~~~~~~[0m


[31mX [41;31m[[41;97mERROR[41;31m][0m [1mNG1010: styleUrls must be an 
array of strings
  Value is of type 'string'.[0m [1m[35m[plugin angular-compiler][0m

    src/app/pages/confirmation/confirmation.ts:7:13:
[37m      7 Γöé   styleUrls: [32m'./confirmation.scss'[37m,
        Γò╡              [32m~~~~~~~~~~~~~~~~~~~~~[0m

[39m[22m
